{
  "version": "1.5.0",
  "plugins_used": [
    {
      "name": "ArtifactoryDetector"
    },
    {
      "name": "AWSKeyDetector"
    },
    {
      "name": "AzureStorageKeyDetector"
    },
    {
      "name": "Base64HighEntropyString",
      "limit": 4.5
    },
    {
      "name": "BasicAuthDetector"
    },
    {
      "name": "CloudantDetector"
    },
    {
      "name": "DiscordBotTokenDetector"
    },
    {
      "name": "GitHubTokenDetector"
    },
    {
      "name": "GitLabTokenDetector"
    },
    {
      "name": "HexHighEntropyString",
      "limit": 3.0
    },
    {
      "name": "IbmCloudIamDetector"
    },
    {
      "name": "IbmCosHmacDetector"
    },
    {
      "name": "IPPublicDetector"
    },
    {
      "name": "JwtTokenDetector"
    },
    {
      "name": "KeywordDetector",
      "keyword_exclude": ""
    },
    {
      "name": "MailchimpDetector"
    },
    {
      "name": "NpmDetector"
    },
    {
      "name": "OpenAIDetector"
    },
    {
      "name": "PrivateKeyDetector"
    },
    {
      "name": "PypiTokenDetector"
    },
    {
      "name": "SendGridDetector"
    },
    {
      "name": "SlackDetector"
    },
    {
      "name": "SoftlayerDetector"
    },
    {
      "name": "SquareOAuthDetector"
    },
    {
      "name": "StripeDetector"
    },
    {
      "name": "TelegramBotTokenDetector"
    },
    {
      "name": "TwilioKeyDetector"
    }
  ],
  "filters_used": [
    {
      "path": "detect_secrets.filters.allowlist.is_line_allowlisted"
    },
    {
      "path": "detect_secrets.filters.common.is_baseline_file",
      "filename": ".secrets.baseline"
    },
    {
      "path": "detect_secrets.filters.common.is_ignored_due_to_verification_policies",
      "min_level": 2
    },
    {
      "path": "detect_secrets.filters.heuristic.is_indirect_reference"
    },
    {
      "path": "detect_secrets.filters.heuristic.is_likely_id_string"
    },
    {
      "path": "detect_secrets.filters.heuristic.is_lock_file"
    },
    {
      "path": "detect_secrets.filters.heuristic.is_not_alphanumeric_string"
    },
    {
      "path": "detect_secrets.filters.heuristic.is_potential_uuid"
    },
    {
      "path": "detect_secrets.filters.heuristic.is_prefixed_with_dollar_sign"
    },
    {
      "path": "detect_secrets.filters.heuristic.is_sequential_string"
    },
    {
      "path": "detect_secrets.filters.heuristic.is_swagger_file"
    },
    {
      "path": "detect_secrets.filters.heuristic.is_templated_secret"
    }
  ],
  "results": {
    ".env.example": [
      {
        "type": "Basic Auth Credentials",
        "filename": ".env.example",
        "hashed_secret": "ea72f7010dd797a00526144c395e8d506a0d843a",
        "is_verified": false,
        "line_number": 1,
        "is_secret": false
      },
      {
        "type": "Basic Auth Credentials",
        "filename": ".env.example",
        "hashed_secret": "5ccce4d10a5cc08857de8f609a14194e7e21049c",
        "is_verified": false,
        "line_number": 5,
        "is_secret": false
      }
    ],
    "LOCAL_SETUP.md": [
      {
        "type": "Basic Auth Credentials",
        "filename": "LOCAL_SETUP.md",
        "hashed_secret": "6aeeb5114db3b19c53bb6f01c556def691b2b09a",
        "is_verified": false,
        "line_number": 25,
        "is_secret": false
      },
      {
        "type": "Secret Keyword",
        "filename": "LOCAL_SETUP.md",
        "hashed_secret": "6aeeb5114db3b19c53bb6f01c556def691b2b09a",
        "is_verified": false,
        "line_number": 33,
        "is_secret": false
      }
    ],
    "backend/db/migrations/036_target_rule_registry.sql": [
      {
        "type": "Hex High Entropy String",
        "filename": "backend/db/migrations/036_target_rule_registry.sql",
        "hashed_secret": "4727b0c3112b799b5893a74d5b420cbf31ed2293",
        "is_verified": false,
        "line_number": 125,
        "is_secret": false
      },
      {
        "type": "Hex High Entropy String",
        "filename": "backend/db/migrations/036_target_rule_registry.sql",
        "hashed_secret": "776e9d968d2e05b986c1fd830da06e71d74eecb1",
        "is_verified": false,
        "line_number": 132,
        "is_secret": false
      }
    ],
    "backend/db/migrations/manifest.json": [
      {
        "type": "Hex High Entropy String",
        "filename": "backend/db/migrations/manifest.json",
        "hashed_secret": "86b7b0b41d2f405a1e30aaabaed03970cec01b11",
        "is_verified": false,
        "line_number": 5,
        "is_secret": false
      },
      {
        "type": "Hex High Entropy String",
        "filename": "backend/db/migrations/manifest.json",
        "hashed_secret": "b13d53bdeecba7df5de178a77b788d021d610dbc",
        "is_verified": false,
        "line_number": 9,
        "is_secret": false
      },
      {
        "type": "Hex High Entropy String",
        "filename": "backend/db/migrations/manifest.json",
        "hashed_secret": "70091cc2f6f3652b2ebb0c4793b02a072e7ad612",
        "is_verified": false,
        "line_number": 10,
        "is_secret": false
      },
      {
        "type": "Hex High Entropy String",
        "filename": "backend/db/migrations/manifest.json",
        "hashed_secret": "ccc5144f879fb833bbc23665fedd58ecf1bf6ed6",
        "is_verified": false,
        "line_number": 11,
        "is_secret": false
      },
      {
        "type": "Hex High Entropy String",
        "filename": "backend/db/migrations/manifest.json",
        "hashed_secret": "2a7b99bbf48e1cc34b1789a6c70b7753039df022",
        "is_verified": false,
        "line_number": 12,
        "is_secret": false
      },
      {
        "type": "Hex High Entropy String",
        "filename": "backend/db/migrations/manifest.json",
        "hashed_secret": "24c1ed47f4d44e2162834811006c9c7b48558606",
        "is_verified": false,
        "line_number": 13,
        "is_secret": false
      },
      {
        "type": "Hex High Entropy String",
        "filename": "backend/db/migrations/manifest.json",
        "hashed_secret": "daca02778a67783e76efbe605916c5d2c0abb0f8",
        "is_verified": false,
        "line_number": 14,
        "is_secret": false
      },
      {
        "type": "Hex High Entropy String",
        "filename": "backend/db/migrations/manifest.json",
        "hashed_secret": "754afe4b50e1f563c2603e76b63bd6ecb9872ccb",
        "is_verified": false,
        "line_number": 15,
        "is_secret": false
      },
      {
        "type": "Hex High Entropy String",
        "filename": "backend/db/migrations/manifest.json",
        "hashed_secret": "f3653252aa6d2aff380ea708615f8db140409b54",
        "is_verified": false,
        "line_number": 16,
        "is_secret": false
      },
      {
        "type": "Hex High Entropy String",
        "filename": "backend/db/migrations/manifest.json",
        "hashed_secret": "bd3c732f26f1526832ecd07d0cd5f370eb1f7106",
        "is_verified": false,
        "line_number": 17,
        "is_secret": false
      },
      {
        "type": "Hex High Entropy String",
        "filename": "backend/db/migrations/manifest.json",
        "hashed_secret": "8b5ee11c083eaa56b6542ac5ee3d0b78f3a4b955",
        "is_verified": false,
        "line_number": 18,
        "is_secret": false
      },
      {
        "type": "Hex High Entropy String",
        "filename": "backend/db/migrations/manifest.json",
        "hashed_secret": "585567afa2b864f4ecf545f7a5838422cdfe4a7a",
        "is_verified": false,
        "line_number": 19,
        "is_secret": false
      },
      {
        "type": "Hex High Entropy String",
        "filename": "backend/db/migrations/manifest.json",
        "hashed_secret": "a7a2336c2f91356fb65bf521ded427392bbea188",
        "is_verified": false,
        "line_number": 20,
        "is_secret": false
      },
      {
        "type": "Hex High Entropy String",
        "filename": "backend/db/migrations/manifest.json",
        "hashed_secret": "600195a0d7e34b9cb09e8fccd5a35b155649cefb",
        "is_verified": false,
        "line_number": 21,
        "is_secret": false
      },
      {
        "type": "Hex High Entropy String",
        "filename": "backend/db/migrations/manifest.json",
        "hashed_secret": "be30f66f3066fa52477ed38eeb3e0f89e33e691e",
        "is_verified": false,
        "line_number": 22,
        "is_secret": false
      },
      {
        "type": "Hex High Entropy String",
        "filename": "backend/db/migrations/manifest.json",
        "hashed_secret": "1bfaeb549f410d0113316963720646127317b05c",
        "is_verified": false,
        "line_number": 23,
        "is_secret": false
      },
      {
        "type": "Hex High Entropy String",
        "filename": "backend/db/migrations/manifest.json",
        "hashed_secret": "6c86e5d1796d6b82c329231cfb866827df9eb1e0",
        "is_verified": false,
        "line_number": 24,
        "is_secret": false
      },
      {
        "type": "Hex High Entropy String",
        "filename": "backend/db/migrations/manifest.json",
        "hashed_secret": "99e3e07e2e24c401eb15761c6083594de6e3ff6c",
        "is_verified": false,
        "line_number": 25,
        "is_secret": false
      },
      {
        "type": "Hex High Entropy String",
        "filename": "backend/db/migrations/manifest.json",
        "hashed_secret": "f185ea33e91cc5f0ff66043bbbcc7bbcba085ee3",
        "is_verified": false,
        "line_number": 26,
        "is_secret": false
      },
      {
        "type": "Hex High Entropy String",
        "filename": "backend/db/migrations/manifest.json",
        "hashed_secret": "b47fd1f17ee7b9318bb7a24e6467d09ba436e7bd",
        "is_verified": false,
        "line_number": 27,
        "is_secret": false
      },
      {
        "type": "Hex High Entropy String",
        "filename": "backend/db/migrations/manifest.json",
        "hashed_secret": "430c67a4b96a5cc7170786584b595d3b0f6b11d8",
        "is_verified": false,
        "line_number": 28,
        "is_secret": false
      },
      {
        "type": "Hex High Entropy String",
        "filename": "backend/db/migrations/manifest.json",
        "hashed_secret": "dc630b418b105156c984c4bb28e9c88fa9849882",
        "is_verified": false,
        "line_number": 29,
        "is_secret": false
      },
      {
        "type": "Hex High Entropy String",
        "filename": "backend/db/migrations/manifest.json",
        "hashed_secret": "dae049da3d0208341d3bc7e6124132f942261a98",
        "is_verified": false,
        "line_number": 30,
        "is_secret": false
      },
      {
        "type": "Hex High Entropy String",
        "filename": "backend/db/migrations/manifest.json",
        "hashed_secret": "ba82ac335d2666d59ceb60dbf9860c1337c1c8b3",
        "is_verified": false,
        "line_number": 31,
        "is_secret": false
      },
      {
        "type": "Hex High Entropy String",
        "filename": "backend/db/migrations/manifest.json",
        "hashed_secret": "297b96ea3fbafa6f44f5b1efdfb5123502ad410f",
        "is_verified": false,
        "line_number": 32,
        "is_secret": false
      },
      {
        "type": "Hex High Entropy String",
        "filename": "backend/db/migrations/manifest.json",
        "hashed_secret": "19120137c53ec7c7e15190914c09e34196e68993",
        "is_verified": false,
        "line_number": 33,
        "is_secret": false
      },
      {
        "type": "Hex High Entropy String",
        "filename": "backend/db/migrations/manifest.json",
        "hashed_secret": "6d82fd1727e4c30650a5a8be495d9033212494d9",
        "is_verified": false,
        "line_number": 34,
        "is_secret": false
      },
      {
        "type": "Hex High Entropy String",
        "filename": "backend/db/migrations/manifest.json",
        "hashed_secret": "84268a9a1cabae2774a342254d4f701b56b1cfc8",
        "is_verified": false,
        "line_number": 35,
        "is_secret": false
      },
      {
        "type": "Hex High Entropy String",
        "filename": "backend/db/migrations/manifest.json",
        "hashed_secret": "4948fbfbb942306f4633648a82bccd598e88989d",
        "is_verified": false,
        "line_number": 36,
        "is_secret": false
      },
      {
        "type": "Hex High Entropy String",
        "filename": "backend/db/migrations/manifest.json",
        "hashed_secret": "7ae3da992ed2fdbc38fa50fdf4b2fa15cdd3f0db",
        "is_verified": false,
        "line_number": 37,
        "is_secret": false
      },
      {
        "type": "Hex High Entropy String",
        "filename": "backend/db/migrations/manifest.json",
        "hashed_secret": "556d18b9ab65f185b1e3d554f8346765b7491f85",
        "is_verified": false,
        "line_number": 38,
        "is_secret": false
      },
      {
        "type": "Hex High Entropy String",
        "filename": "backend/db/migrations/manifest.json",
        "hashed_secret": "4b21f4137a9579acdad6bc2a3cddd8b33b96ddd8",
        "is_verified": false,
        "line_number": 39,
        "is_secret": false
      },
      {
        "type": "Hex High Entropy String",
        "filename": "backend/db/migrations/manifest.json",
        "hashed_secret": "9d7161aca680aabb3130568127c88ad0950b0fcc",
        "is_verified": false,
        "line_number": 40,
        "is_secret": false
      },
      {
        "type": "Hex High Entropy String",
        "filename": "backend/db/migrations/manifest.json",
        "hashed_secret": "da9add3a0a29f7dec303f14c4bd5e916003b9951",
        "is_verified": false,
        "line_number": 41,
        "is_secret": false
      },
      {
        "type": "Hex High Entropy String",
        "filename": "backend/db/migrations/manifest.json",
        "hashed_secret": "593baebcf64b98cfe3cb35a9ec36952a5fa7fe96",
        "is_verified": false,
        "line_number": 42,
        "is_secret": false
      },
      {
        "type": "Hex High Entropy String",
        "filename": "backend/db/migrations/manifest.json",
        "hashed_secret": "d1f8d1fa115f256d1e31d479f776371cb0a74f17",
        "is_verified": false,
        "line_number": 43,
        "is_secret": false
      },
      {
        "type": "Hex High Entropy String",
        "filename": "backend/db/migrations/manifest.json",
        "hashed_secret": "999d93e066ef495f5b96ea6629f0a9090b45816d",
        "is_verified": false,
        "line_number": 44,
        "is_secret": false
      },
      {
        "type": "Hex High Entropy String",
        "filename": "backend/db/migrations/manifest.json",
        "hashed_secret": "a6a466d291e929eef4fc32e134c43311879a6459",
        "is_verified": false,
        "line_number": 45,
        "is_secret": false
      },
      {
        "type": "Hex High Entropy String",
        "filename": "backend/db/migrations/manifest.json",
        "hashed_secret": "8f7eb7e3d320a7190fcad32d487621a11c892ce3",
        "is_verified": false,
        "line_number": 46,
        "is_secret": false
      },
      {
        "type": "Hex High Entropy String",
        "filename": "backend/db/migrations/manifest.json",
        "hashed_secret": "679eea29312b33b7db3cb1f1950c24a33cb31984",
        "is_verified": false,
        "line_number": 47,
        "is_secret": false
      }
    ],
    "backend/tests/test_connection_timeouts.py": [
      {
        "type": "Basic Auth Credentials",
        "filename": "backend/tests/test_connection_timeouts.py",
        "hashed_secret": "a94a8fe5ccb19ba61c4c0873d391e987982fbbd3",
        "is_verified": false,
        "line_number": 21,
        "is_secret": false
      }
    ],
    "backend/tests/test_database_safety.py": [
      {
        "type": "Basic Auth Credentials",
        "filename": "backend/tests/test_database_safety.py",
        "hashed_secret": "5baa61e4c9b93f3f0682250b6cf8331b7ee68fd8",
        "is_verified": false,
        "line_number": 15,
        "is_secret": false
      }
    ],
    "backend/tests/test_db_error_handler.py": [
      {
        "type": "Basic Auth Credentials",
        "filename": "backend/tests/test_db_error_handler.py",
        "hashed_secret": "e5e9fa1ba31ecd1ae84f75caaa474f3a663f05f4",
        "is_verified": false,
        "line_number": 144,
        "is_secret": false
      },
      {
        "type": "Secret Keyword",
        "filename": "backend/tests/test_db_error_handler.py",
        "hashed_secret": "037ef993e10dee0eceede94c0035364528d2177c",
        "is_verified": false,
        "line_number": 182,
        "is_secret": false
      }
    ],
    "backend/tests/test_oidc_settings.py": [
      {
        "type": "Basic Auth Credentials",
        "filename": "backend/tests/test_oidc_settings.py",
        "hashed_secret": "9d4e1e23bd5b727046a9e3b4b7db57bd8d6ee684",
        "is_verified": false,
        "line_number": 57,
        "is_secret": false
      }
    ],
    "backend/tests/test_rate_limit_settings.py": [
      {
        "type": "Basic Auth Credentials",
        "filename": "backend/tests/test_rate_limit_settings.py",
        "hashed_secret": "df77a6b3e1381f280f62cc2eceea74ec575efde6",
        "is_verified": false,
        "line_number": 86,
        "is_secret": false
      }
    ],
    "backend/tests/test_runtime_database_role.py": [
      {
        "type": "Basic Auth Credentials",
        "filename": "backend/tests/test_runtime_database_role.py",
        "hashed_secret": "060d13b118863917ff1d0bb95200f3815b3f98fa",
        "is_verified": false,
        "line_number": 26,
        "is_secret": false
      },
      {
        "type": "Basic Auth Credentials",
        "filename": "backend/tests/test_runtime_database_role.py",
        "hashed_secret": "a0f4ea7d91495df92bbac2e2149dfb850fe81396",
        "is_verified": false,
        "line_number": 32,
        "is_secret": false
      }
    ],
    "backend/tests/test_salary_identity.py": [
      {
        "type": "Base64 High Entropy String",
        "filename": "backend/tests/test_salary_identity.py",
        "hashed_secret": "1bcec057246f69009dc9d815a25167a6014d7341",
        "is_verified": false,
        "line_number": 18,
        "is_secret": false
      }
    ],
    "backend/tests/test_salary_private_backfill.py": [
      {
        "type": "Base64 High Entropy String",
        "filename": "backend/tests/test_salary_private_backfill.py",
        "hashed_secret": "1bcec057246f69009dc9d815a25167a6014d7341",
        "is_verified": false,
        "line_number": 15,
        "is_secret": false
      }
    ],
    "backend/tests/test_session_auth.py": [
      {
        "type": "Secret Keyword",
        "filename": "backend/tests/test_session_auth.py",
        "hashed_secret": "8a2c6c4d81f08dbf5485f232c38480c49bce78e4",
        "is_verified": false,
        "line_number": 124,
        "is_secret": false
      },
      {
        "type": "Basic Auth Credentials",
        "filename": "backend/tests/test_session_auth.py",
        "hashed_secret": "5cc2195122a6623d8f11011ea0e3e548ebbe64e8",
        "is_verified": false,
        "line_number": 160,
        "is_secret": false
      }
    ],
    "backend/tests/test_valkey_url.py": [
      {
        "type": "Basic Auth Credentials",
        "filename": "backend/tests/test_valkey_url.py",
        "hashed_secret": "5cc2195122a6623d8f11011ea0e3e548ebbe64e8",
        "is_verified": false,
        "line_number": 15,
        "is_secret": false
      }
    ]
  },
  "generated_at": "2026-08-04T20:09:22Z"
}
